// Jest Snapshot v1, https://goo.gl/fbAQLP

exports[`SymbolModal should render 1`] = `
"<SymbolModal enabled={true} symbolType=\\"functions\\" selectedSource={{...}} setSelectedSymbolType={[Function]} symbols={{...}}>
  <Modal enabled={true} shortcut=\\"symbolSearch.search.key2\\" handleOpen={[Function]} handleClose={[Function]}>
    <div className=\\"modal-wrapper enabled\\" onClick={[Function]}>
      <div className=\\"modal enabled\\" onClick={[Function]}>
        <div className=\\"input-wrapper\\">
          <SearchInput query=\\"\\" count={2} placeholder=\\"Search functions…\\" summaryMsg=\\"1 of 2 results\\" onChange={[Function]} onKeyUp={[Function]} handleNext={[Function]} handlePrev={[Function]} handleClose={[Function]} size=\\"\\" showErrorEmoji={true}>
            <div className=\\"search-field \\">
              <InlineSVG className=\\"magnifying-glass\\" src=\\"<svg></svg>\\" element=\\"i\\" raw={false}>
                <i className=\\"magnifying-glass\\" src={{...}} dangerouslySetInnerHTML={{...}} />
              </InlineSVG>
              <input className=\\"\\" onChange={[Function]} onKeyDown={[undefined]} onKeyUp={[Function]} onFocus={[undefined]} onBlur={[undefined]} placeholder=\\"Search functions…\\" value=\\"\\" spellCheck={false} />
              <div className=\\"summary\\">
                1 of 2 results
              </div>
              <div className=\\"search-nav-buttons\\">
                <button onClick={[Function]} type=\\"arrow-down\\" className=\\"nav-btn next\\" title=\\"Next Result\\">
                  <InlineSVG className=\\"arrow-down\\" src=\\"<svg></svg>\\" element=\\"i\\" raw={false}>
                    <i className=\\"arrow-down\\" src={{...}} dangerouslySetInnerHTML={{...}} />
                  </InlineSVG>
                </button>
                <button onClick={[Function]} type=\\"arrow-up\\" className=\\"nav-btn prev\\" title=\\"Previous Result\\">
                  <InlineSVG className=\\"arrow-up\\" src=\\"<svg></svg>\\" element=\\"i\\" raw={false}>
                    <i className=\\"arrow-up\\" src={{...}} dangerouslySetInnerHTML={{...}} />
                  </InlineSVG>
                </button>
              </div>
              <div className=\\"close-btn\\" onClick={[Function]} title={[undefined]}>
                <InlineSVG className=\\"close\\" src=\\"<svg></svg>\\" element=\\"i\\" raw={false}>
                  <i className=\\"close\\" src={{...}} dangerouslySetInnerHTML={{...}} />
                </InlineSVG>
              </div>
            </div>
          </SearchInput>
        </div>
        <ResultList items={{...}} selected={0} selectItem={[Function]} size=\\"small\\">
          <ul className=\\"result-list small\\">
            <li onClick={[Function]} title=\\"anonymous\\" className=\\"selected\\">
              <div className=\\"title\\">
                anonymous
              </div>
              <div className=\\"subtitle\\">
                :4
              </div>
            </li>
            <li onClick={[Function]} title=\\"render\\" className=\\"\\">
              <div className=\\"title\\">
                render
              </div>
              <div className=\\"subtitle\\">
                :51
              </div>
            </li>
          </ul>
        </ResultList>
      </div>
    </div>
  </Modal>
</SymbolModal>"
`;
